// Jest Snapshot v1, https://jestjs.io/docs/snapshot-testing

exports[`AddressIcon matches snapshot 1`] = `
<svg
  fill="none"
  height="60"
  viewBox="0 0 60 60"
  width="60"
  xmlns="http://www.w3.org/2000/svg"
>
  <circle
    cx="30"
    cy="30"
    fill="#FFF4CE"
    r="30"
  />
  <mask
    height="60"
    id="mask0_47_5453"
    maskUnits="userSpaceOnUse"
    width="60"
    x="0"
    y="0"
  >
    <circle
      cx="30"
      cy="30"
      fill="#FFF4CE"
      r="30"
    />
  </mask>
  <g
    mask="url(#mask0_47_5453)"
  >
    <circle
      cx="14.7764"
      cy="52.7317"
      fill="#FFDFAF"
      r="30"
    />
  </g>
  <path
    d="M22.7085 25.031C22.866 25.031 23.0171 25.0935 23.1284 25.2048C23.2398 25.3162 23.3022 25.4673 23.3022 25.6248V38.7498C23.3022 38.9072 23.2398 39.0583 23.1284 39.1697C23.0171 39.281 22.866 39.3435 22.7085 39.3435C22.551 39.3435 22.3999 39.281 22.2886 39.1697C22.1772 39.0583 22.1147 38.9072 22.1147 38.7498V25.6248C22.1147 25.4673 22.1772 25.3162 22.2886 25.2048C22.3999 25.0935 22.551 25.031 22.7085 25.031ZM30.0005 20.656C30.1578 20.6561 30.3091 20.7186 30.4204 20.8298C30.5317 20.9412 30.5942 21.0924 30.5942 21.2498V38.7498C30.5942 38.9072 30.5317 39.0583 30.4204 39.1697C30.3091 39.2809 30.1578 39.3434 30.0005 39.3435C29.8431 39.3435 29.6919 39.2809 29.5806 39.1697C29.4692 39.0583 29.4067 38.9072 29.4067 38.7498V21.2498C29.4067 21.0923 29.4692 20.9412 29.5806 20.8298C29.6919 20.7186 29.8431 20.656 30.0005 20.656ZM37.2915 30.864C37.4488 30.864 37.6001 30.9267 37.7114 31.0378C37.8227 31.1491 37.8852 31.3004 37.8853 31.4578V38.7498C37.8853 38.9072 37.8228 39.0583 37.7114 39.1697C37.6001 39.2809 37.4489 39.3435 37.2915 39.3435C37.1341 39.3434 36.9829 39.2809 36.8716 39.1697C36.7603 39.0583 36.6978 38.9072 36.6978 38.7498V31.4578C36.6978 31.3004 36.7603 31.1491 36.8716 31.0378C36.9829 30.9266 37.1341 30.8641 37.2915 30.864Z"
    fill="#EE7B11"
    stroke="#EE7B11"
  />
  <path
    d="M29.9165 14.8226H30.0825C33.4633 14.8226 36.0628 14.8235 38.0796 15.0951C40.1316 15.3706 41.671 15.9355 42.8677 17.1322C44.063 18.329 44.6284 19.8685 44.9038 21.9183H44.9048C45.1764 23.9365 45.1772 26.5357 45.1772 29.9164V30.0824C45.1772 33.4632 45.1764 36.0627 44.9048 38.0795H44.9038C44.6455 40.0032 44.1336 41.4764 43.0845 42.639L42.8677 42.8676C41.6708 44.063 40.1307 44.6283 38.0806 44.9037V44.9047C36.0624 45.1762 33.4631 45.1771 30.0825 45.1771H29.9165C26.5359 45.1771 23.9371 45.1762 21.9204 44.9047V44.9037C19.9967 44.6454 18.5235 44.1334 17.3608 43.0844L17.1323 42.8676C15.9368 41.6706 15.3707 40.1307 15.0952 38.0804C14.8237 36.0623 14.8228 33.463 14.8228 30.0824V29.9164L14.8276 27.5248C14.8407 25.273 14.8915 23.4329 15.0952 21.9203C15.3535 19.9965 15.8664 18.5234 16.9155 17.3607L17.1323 17.1322C18.3292 15.9368 19.8684 15.3705 21.9185 15.0951C23.4322 14.8914 25.273 14.8405 27.5249 14.8275L29.9165 14.8226ZM29.9995 16.0101C26.9775 16.0101 24.6625 16.0119 22.8335 16.1859L22.0786 16.2709C20.1576 16.5292 18.9116 17.0326 17.9722 17.972C17.0933 18.8525 16.5946 20.0025 16.3228 21.726L16.271 22.0785C16.0118 24.0152 16.0103 26.5457 16.0103 29.9994C16.0103 33.453 16.0118 35.9836 16.271 37.9203V37.9213C16.5293 39.8419 17.0327 41.0874 17.9702 42.0267L17.9712 42.0277C18.8517 42.9066 20.0027 43.4054 21.7261 43.6771L22.0786 43.7279C24.0153 43.9871 26.5459 43.9896 29.9995 43.9896C33.4531 43.9896 35.9837 43.9871 37.9204 43.7279H37.9214C39.8422 43.4696 41.0875 42.9664 42.0269 42.0287H42.0278C42.9654 41.0895 43.4696 39.8423 43.728 37.9213V37.9203C43.9872 35.9836 43.9897 33.453 43.9897 29.9994C43.9897 26.9774 43.988 24.6623 43.814 22.8334L43.728 22.0785C43.4697 20.1575 42.9665 18.9114 42.0288 17.972L41.8491 17.8011C40.9312 16.9721 39.7226 16.5131 37.9214 16.2709H37.9204C35.9837 16.0117 33.4531 16.0101 29.9995 16.0101Z"
    fill="#EE7B11"
    stroke="#EE7B11"
  />
</svg>
`;
