// Jest Snapshot v1, https://jestjs.io/docs/snapshot-testing

exports[`ForgotPasswordPage should match snapshot 1`] = `
<div>
  <div
    class="py-16"
  >
    <div
      data-testid="forgot-password-content"
    >
      Forgot Password Content
    </div>
  </div>
</div>
`;
