// Jest Snapshot v1, https://jestjs.io/docs/snapshot-testing

exports[`AddressIcon > matches snapshot 1`] = `
<svg
  fill="none"
  height="60"
  viewBox="0 0 60 60"
  width="60"
  xmlns="http://www.w3.org/2000/svg"
>
  <circle
    cx="30"
    cy="30"
    fill="#FFF4CE"
    r="30"
  />
  <mask
    height="60"
    id="mask0_47_5400"
    maskUnits="userSpaceOnUse"
    width="60"
    x="0"
    y="0"
  >
    <circle
      cx="30"
      cy="30"
      fill="#FFF4CE"
      r="30"
    />
  </mask>
  <g
    mask="url(#mask0_47_5400)"
  >
    <circle
      cx="14.7764"
      cy="52.7317"
      fill="#FFDFAF"
      r="30"
    />
  </g>
  <path
    d="M19.9355 30.8819L25.7695 32.3399C25.9223 32.3782 26.0537 32.4754 26.1348 32.6104C26.2159 32.7456 26.2404 32.9077 26.2021 33.0606C26.1639 33.2135 26.0658 33.3447 25.9307 33.4258C25.7955 33.5069 25.6334 33.5315 25.4805 33.4932L19.6475 32.0342C19.4946 31.996 19.3633 31.8988 19.2822 31.7637C19.2011 31.6286 19.1766 31.4664 19.2148 31.3135C19.2531 31.1607 19.3512 31.0294 19.4863 30.9483C19.6214 30.8674 19.7828 30.8438 19.9355 30.8819ZM40.2959 30.8702C40.3731 30.8816 40.4477 30.9082 40.5146 30.9483C40.5813 30.9883 40.6392 31.0412 40.6855 31.1036C40.732 31.1663 40.7663 31.2379 40.7852 31.3135V31.3145C40.804 31.3901 40.8083 31.4689 40.7969 31.546C40.7854 31.6231 40.7579 31.6969 40.7178 31.7637C40.6776 31.8306 40.6252 31.8892 40.5625 31.9356C40.4998 31.982 40.4282 32.0154 40.3525 32.0342L34.5195 33.4932C34.3666 33.5315 34.2045 33.5069 34.0693 33.4258C33.9342 33.3448 33.8371 33.2135 33.7988 33.0606C33.7606 32.9077 33.7841 32.7456 33.8652 32.6104C33.9463 32.4754 34.0778 32.3782 34.2305 32.3399L40.0645 30.8819V30.8809C40.1401 30.862 40.2188 30.8587 40.2959 30.8702ZM40.208 19.9268C40.3654 19.9268 40.5166 19.9894 40.6279 20.1006C40.7393 20.212 40.8018 20.3631 40.8018 20.5206V26.4083C40.8018 26.493 40.8021 26.5834 40.7988 26.6719L40.7773 26.9239L40.7754 26.9356C40.7587 27.0652 40.7128 27.1894 40.6416 27.2989C40.5715 27.4067 40.4784 27.497 40.3691 27.5645C40.2608 27.6243 40.1418 27.6623 40.0186 27.6739C39.892 27.6857 39.7638 27.67 39.6436 27.629L39.6328 27.626L39.3945 27.5333C39.3122 27.4969 39.2279 27.4564 39.1445 27.4171H39.1455L37.5059 26.6387L37.292 26.5372L37.0771 26.6387L35.4385 27.4171L35.4355 27.419C35.2748 27.4963 35.1015 27.5778 34.9541 27.6231L34.9463 27.6251L34.9395 27.628C34.8193 27.6692 34.691 27.6845 34.5645 27.6729C34.441 27.6615 34.3214 27.6244 34.2129 27.5645C34.1036 27.4971 34.0105 27.4065 33.9404 27.2989C33.8691 27.1894 33.8235 27.0652 33.8066 26.9356L33.8047 26.9268C33.7819 26.7712 33.7813 26.5772 33.7812 26.4083V22.6348C33.7813 22.4775 33.8438 22.3262 33.9551 22.2149C34.0664 22.1037 34.2176 22.0411 34.375 22.0411C34.5324 22.0411 34.6836 22.1037 34.7949 22.2149C34.9062 22.3262 34.9687 22.4775 34.9688 22.6348V26.3272L35.6836 25.9874L36.7754 25.4678L36.79 25.461L36.8037 25.4532L36.8096 25.4493L36.8105 25.4503C36.9588 25.3709 37.1231 25.3266 37.291 25.3204C37.4563 25.3262 37.6182 25.3686 37.7646 25.4454L37.7803 25.4561L37.8066 25.4678L38.9004 25.9874L39.6143 26.3262V20.5206C39.6143 20.3632 39.6769 20.212 39.7881 20.1006C39.8993 19.9894 40.0507 19.9269 40.208 19.9268ZM19.9355 25.0479L25.7695 26.5069C25.845 26.5258 25.916 26.5592 25.9785 26.6055C26.0412 26.652 26.0946 26.7105 26.1348 26.7774C26.1748 26.8442 26.2014 26.9182 26.2129 26.9952C26.2244 27.0724 26.2211 27.1519 26.2021 27.2276C26.1832 27.3032 26.1489 27.374 26.1025 27.4366C26.0561 27.4993 25.9976 27.5527 25.9307 27.5928C25.8639 27.6329 25.7899 27.6595 25.7129 27.671C25.6357 27.6824 25.5562 27.6782 25.4805 27.6592L19.6475 26.2012C19.5718 26.1824 19.5002 26.149 19.4375 26.1026C19.3749 26.0562 19.3224 25.9975 19.2822 25.9307C19.2421 25.8638 19.2156 25.7892 19.2041 25.712C19.1984 25.6734 19.1963 25.6345 19.1982 25.5958L19.2148 25.4805C19.2337 25.4048 19.268 25.3333 19.3145 25.2706C19.3607 25.2081 19.4187 25.1554 19.4854 25.1153C19.5522 25.0752 19.6269 25.0486 19.7041 25.0372C19.7812 25.0257 19.8599 25.029 19.9355 25.0479Z"
    fill="#EE7B11"
    stroke="#EE7B11"
  />
  <path
    d="M41.7651 16.3058C43.6883 16.2392 45.1772 17.8186 45.1772 19.6935V36.0432C45.1772 37.9981 43.5895 39.5481 41.6821 39.6672C40.2764 39.7551 38.6629 39.9262 37.4429 40.2482H37.4419C36.1242 40.5963 34.5559 41.308 33.2124 41.9982L32.6519 42.2912C31.8352 42.7249 30.9243 42.9523 29.9995 42.9523C29.1902 42.9523 28.3919 42.7777 27.6577 42.4435L27.3472 42.2912C25.8958 41.5187 24.0638 40.6447 22.5562 40.2482C21.3374 39.9261 19.7236 39.7551 18.3179 39.6672C16.4105 39.5481 14.8228 37.9981 14.8228 36.0432V19.7883C14.8229 17.929 16.2855 16.3718 18.1606 16.3849L18.3433 16.3908C19.7756 16.4793 21.5084 16.6551 22.8589 17.0109C24.459 17.4331 26.3265 18.3203 27.7729 19.0842L27.7749 19.0861C28.4521 19.4389 29.2078 19.6144 29.9712 19.5978C30.6392 19.5833 31.2947 19.4222 31.8911 19.1262L32.1431 18.9904C33.4089 18.2582 34.9993 17.4339 36.3921 17.0168C37.9967 16.5361 40.1114 16.3649 41.7661 16.3068L41.7651 16.3058ZM41.8062 17.4933C40.1678 17.5505 38.1832 17.721 36.7329 18.1545H36.7319C35.6348 18.4837 34.3554 19.1112 33.2173 19.7463L32.7388 20.0178C32.1918 20.3341 31.6016 20.5543 30.9956 20.675L30.5933 20.7551V41.7697L31.228 41.592C31.5279 41.5082 31.8168 41.3923 32.0942 41.2443C33.4665 40.5119 35.2524 39.6511 36.8276 39.1867L37.1392 39.0988C38.4768 38.7458 40.1853 38.5716 41.6079 38.4816L41.6069 38.4807C42.9392 38.3983 43.9897 37.3218 43.9897 36.0412V19.6935C43.9897 18.4351 43.0036 17.4526 41.8071 17.4933H41.8062ZM29.4058 20.7844L28.9829 20.7189C28.3662 20.6236 27.7692 20.4262 27.2173 20.1349H27.2163C25.7854 19.3778 24.0176 18.5459 22.5571 18.1603C21.3218 17.8337 19.686 17.6642 18.271 17.5764L18.27 17.5754L18.0425 17.5744C16.9175 17.6279 16.0104 18.5803 16.0103 19.7883V36.0432C16.0103 37.3223 17.0604 38.398 18.3921 38.4807V38.4816C19.8144 38.5716 21.5224 38.7459 22.8599 39.0988C24.5073 39.5353 26.441 40.4631 27.9048 41.2443C28.1823 41.3924 28.472 41.5082 28.772 41.592L29.4058 41.7697V20.7844Z"
    fill="#EE7B11"
    stroke="#EE7B11"
  />
</svg>
`;

exports[`AddressIcon matches snapshot 1`] = `
<svg
  fill="none"
  height="60"
  viewBox="0 0 60 60"
  width="60"
  xmlns="http://www.w3.org/2000/svg"
>
  <circle
    cx="30"
    cy="30"
    fill="#FFF4CE"
    r="30"
  />
  <mask
    height="60"
    id="mask0_47_5400"
    maskUnits="userSpaceOnUse"
    width="60"
    x="0"
    y="0"
  >
    <circle
      cx="30"
      cy="30"
      fill="#FFF4CE"
      r="30"
    />
  </mask>
  <g
    mask="url(#mask0_47_5400)"
  >
    <circle
      cx="14.7764"
      cy="52.7317"
      fill="#FFDFAF"
      r="30"
    />
  </g>
  <path
    d="M19.9355 30.8819L25.7695 32.3399C25.9223 32.3782 26.0537 32.4754 26.1348 32.6104C26.2159 32.7456 26.2404 32.9077 26.2021 33.0606C26.1639 33.2135 26.0658 33.3447 25.9307 33.4258C25.7955 33.5069 25.6334 33.5315 25.4805 33.4932L19.6475 32.0342C19.4946 31.996 19.3633 31.8988 19.2822 31.7637C19.2011 31.6286 19.1766 31.4664 19.2148 31.3135C19.2531 31.1607 19.3512 31.0294 19.4863 30.9483C19.6214 30.8674 19.7828 30.8438 19.9355 30.8819ZM40.2959 30.8702C40.3731 30.8816 40.4477 30.9082 40.5146 30.9483C40.5813 30.9883 40.6392 31.0412 40.6855 31.1036C40.732 31.1663 40.7663 31.2379 40.7852 31.3135V31.3145C40.804 31.3901 40.8083 31.4689 40.7969 31.546C40.7854 31.6231 40.7579 31.6969 40.7178 31.7637C40.6776 31.8306 40.6252 31.8892 40.5625 31.9356C40.4998 31.982 40.4282 32.0154 40.3525 32.0342L34.5195 33.4932C34.3666 33.5315 34.2045 33.5069 34.0693 33.4258C33.9342 33.3448 33.8371 33.2135 33.7988 33.0606C33.7606 32.9077 33.7841 32.7456 33.8652 32.6104C33.9463 32.4754 34.0778 32.3782 34.2305 32.3399L40.0645 30.8819V30.8809C40.1401 30.862 40.2188 30.8587 40.2959 30.8702ZM40.208 19.9268C40.3654 19.9268 40.5166 19.9894 40.6279 20.1006C40.7393 20.212 40.8018 20.3631 40.8018 20.5206V26.4083C40.8018 26.493 40.8021 26.5834 40.7988 26.6719L40.7773 26.9239L40.7754 26.9356C40.7587 27.0652 40.7128 27.1894 40.6416 27.2989C40.5715 27.4067 40.4784 27.497 40.3691 27.5645C40.2608 27.6243 40.1418 27.6623 40.0186 27.6739C39.892 27.6857 39.7638 27.67 39.6436 27.629L39.6328 27.626L39.3945 27.5333C39.3122 27.4969 39.2279 27.4564 39.1445 27.4171H39.1455L37.5059 26.6387L37.292 26.5372L37.0771 26.6387L35.4385 27.4171L35.4355 27.419C35.2748 27.4963 35.1015 27.5778 34.9541 27.6231L34.9463 27.6251L34.9395 27.628C34.8193 27.6692 34.691 27.6845 34.5645 27.6729C34.441 27.6615 34.3214 27.6244 34.2129 27.5645C34.1036 27.4971 34.0105 27.4065 33.9404 27.2989C33.8691 27.1894 33.8235 27.0652 33.8066 26.9356L33.8047 26.9268C33.7819 26.7712 33.7813 26.5772 33.7812 26.4083V22.6348C33.7813 22.4775 33.8438 22.3262 33.9551 22.2149C34.0664 22.1037 34.2176 22.0411 34.375 22.0411C34.5324 22.0411 34.6836 22.1037 34.7949 22.2149C34.9062 22.3262 34.9687 22.4775 34.9688 22.6348V26.3272L35.6836 25.9874L36.7754 25.4678L36.79 25.461L36.8037 25.4532L36.8096 25.4493L36.8105 25.4503C36.9588 25.3709 37.1231 25.3266 37.291 25.3204C37.4563 25.3262 37.6182 25.3686 37.7646 25.4454L37.7803 25.4561L37.8066 25.4678L38.9004 25.9874L39.6143 26.3262V20.5206C39.6143 20.3632 39.6769 20.212 39.7881 20.1006C39.8993 19.9894 40.0507 19.9269 40.208 19.9268ZM19.9355 25.0479L25.7695 26.5069C25.845 26.5258 25.916 26.5592 25.9785 26.6055C26.0412 26.652 26.0946 26.7105 26.1348 26.7774C26.1748 26.8442 26.2014 26.9182 26.2129 26.9952C26.2244 27.0724 26.2211 27.1519 26.2021 27.2276C26.1832 27.3032 26.1489 27.374 26.1025 27.4366C26.0561 27.4993 25.9976 27.5527 25.9307 27.5928C25.8639 27.6329 25.7899 27.6595 25.7129 27.671C25.6357 27.6824 25.5562 27.6782 25.4805 27.6592L19.6475 26.2012C19.5718 26.1824 19.5002 26.149 19.4375 26.1026C19.3749 26.0562 19.3224 25.9975 19.2822 25.9307C19.2421 25.8638 19.2156 25.7892 19.2041 25.712C19.1984 25.6734 19.1963 25.6345 19.1982 25.5958L19.2148 25.4805C19.2337 25.4048 19.268 25.3333 19.3145 25.2706C19.3607 25.2081 19.4187 25.1554 19.4854 25.1153C19.5522 25.0752 19.6269 25.0486 19.7041 25.0372C19.7812 25.0257 19.8599 25.029 19.9355 25.0479Z"
    fill="#EE7B11"
    stroke="#EE7B11"
  />
  <path
    d="M41.7651 16.3058C43.6883 16.2392 45.1772 17.8186 45.1772 19.6935V36.0432C45.1772 37.9981 43.5895 39.5481 41.6821 39.6672C40.2764 39.7551 38.6629 39.9262 37.4429 40.2482H37.4419C36.1242 40.5963 34.5559 41.308 33.2124 41.9982L32.6519 42.2912C31.8352 42.7249 30.9243 42.9523 29.9995 42.9523C29.1902 42.9523 28.3919 42.7777 27.6577 42.4435L27.3472 42.2912C25.8958 41.5187 24.0638 40.6447 22.5562 40.2482C21.3374 39.9261 19.7236 39.7551 18.3179 39.6672C16.4105 39.5481 14.8228 37.9981 14.8228 36.0432V19.7883C14.8229 17.929 16.2855 16.3718 18.1606 16.3849L18.3433 16.3908C19.7756 16.4793 21.5084 16.6551 22.8589 17.0109C24.459 17.4331 26.3265 18.3203 27.7729 19.0842L27.7749 19.0861C28.4521 19.4389 29.2078 19.6144 29.9712 19.5978C30.6392 19.5833 31.2947 19.4222 31.8911 19.1262L32.1431 18.9904C33.4089 18.2582 34.9993 17.4339 36.3921 17.0168C37.9967 16.5361 40.1114 16.3649 41.7661 16.3068L41.7651 16.3058ZM41.8062 17.4933C40.1678 17.5505 38.1832 17.721 36.7329 18.1545H36.7319C35.6348 18.4837 34.3554 19.1112 33.2173 19.7463L32.7388 20.0178C32.1918 20.3341 31.6016 20.5543 30.9956 20.675L30.5933 20.7551V41.7697L31.228 41.592C31.5279 41.5082 31.8168 41.3923 32.0942 41.2443C33.4665 40.5119 35.2524 39.6511 36.8276 39.1867L37.1392 39.0988C38.4768 38.7458 40.1853 38.5716 41.6079 38.4816L41.6069 38.4807C42.9392 38.3983 43.9897 37.3218 43.9897 36.0412V19.6935C43.9897 18.4351 43.0036 17.4526 41.8071 17.4933H41.8062ZM29.4058 20.7844L28.9829 20.7189C28.3662 20.6236 27.7692 20.4262 27.2173 20.1349H27.2163C25.7854 19.3778 24.0176 18.5459 22.5571 18.1603C21.3218 17.8337 19.686 17.6642 18.271 17.5764L18.27 17.5754L18.0425 17.5744C16.9175 17.6279 16.0104 18.5803 16.0103 19.7883V36.0432C16.0103 37.3223 17.0604 38.398 18.3921 38.4807V38.4816C19.8144 38.5716 21.5224 38.7459 22.8599 39.0988C24.5073 39.5353 26.441 40.4631 27.9048 41.2443C28.1823 41.3924 28.472 41.5082 28.772 41.592L29.4058 41.7697V20.7844Z"
    fill="#EE7B11"
    stroke="#EE7B11"
  />
</svg>
`;
