// Jest Snapshot v1, https://jestjs.io/docs/snapshot-testing

exports[`AddressIcon > matches snapshot 1`] = `
<svg
  fill="none"
  height="25"
  viewBox="0 0 25 25"
  width="25"
  xmlns="http://www.w3.org/2000/svg"
>
  <path
    d="M5.29175 20.4709H19.2917M2.29175 4.47095L5.29175 16.4709H19.2917L22.2917 4.47095L16.2917 11.4709L12.2917 4.47095L8.29175 11.4709L2.29175 4.47095Z"
    stroke="white"
    stroke-linecap="round"
    stroke-linejoin="round"
    stroke-width="2"
  />
</svg>
`;

exports[`AddressIcon matches snapshot 1`] = `
<svg
  fill="none"
  height="25"
  viewBox="0 0 25 25"
  width="25"
  xmlns="http://www.w3.org/2000/svg"
>
  <path
    d="M5.29175 20.4709H19.2917M2.29175 4.47095L5.29175 16.4709H19.2917L22.2917 4.47095L16.2917 11.4709L12.2917 4.47095L8.29175 11.4709L2.29175 4.47095Z"
    stroke="white"
    stroke-linecap="round"
    stroke-linejoin="round"
    stroke-width="2"
  />
</svg>
`;
