// Jest Snapshot v1, https://jestjs.io/docs/snapshot-testing

exports[`AddressIcon > matches snapshot 1`] = `
<svg
  fill="none"
  height="40"
  viewBox="0 0 40 40"
  width="40"
  xmlns="http://www.w3.org/2000/svg"
>
  <rect
    height="39"
    rx="19.5"
    stroke="#EE7B11"
    width="39"
    x="0.5"
    y="0.5"
  />
  <path
    d="M30.213 13.6559C29.4495 13.9934 28.6399 14.2152 27.811 14.3139C28.6838 13.7907 29.3369 12.9684 29.649 11.9999C28.829 12.4879 27.93 12.8299 26.994 13.0149C26.3646 12.3415 25.5304 11.8949 24.621 11.7445C23.7116 11.5941 22.7779 11.7484 21.9653 12.1834C21.1526 12.6183 20.5064 13.3096 20.1271 14.1497C19.7478 14.9898 19.6568 15.9317 19.868 16.8289C18.2049 16.746 16.5778 16.314 15.0926 15.5611C13.6073 14.8082 12.2971 13.7513 11.247 12.4589C10.8754 13.0974 10.6801 13.8232 10.681 14.5619C10.681 16.0119 11.42 17.2929 12.541 18.0429C11.8772 18.0208 11.2281 17.8416 10.647 17.5199V17.5709C10.647 18.5368 10.981 19.4729 11.5925 20.2206C12.204 20.9682 13.0553 21.4814 14.002 21.6729C13.3857 21.8403 12.7393 21.8649 12.112 21.7449C12.3789 22.5763 12.8992 23.3034 13.6 23.8243C14.3008 24.3453 15.147 24.6339 16.02 24.6499C15.1522 25.3311 14.1587 25.8346 13.0963 26.1318C12.0338 26.429 10.9233 26.514 9.828 26.3819C11.7397 27.6114 13.9651 28.264 16.238 28.2619C23.932 28.2619 28.138 21.8889 28.138 16.3619C28.138 16.1813 28.134 16.0009 28.126 15.8209C28.9444 15.2292 29.6507 14.4964 30.212 13.6569"
    fill="#EE7B11"
  />
</svg>
`;

exports[`AddressIcon matches snapshot 1`] = `
<svg
  fill="none"
  height="40"
  viewBox="0 0 40 40"
  width="40"
  xmlns="http://www.w3.org/2000/svg"
>
  <rect
    height="39"
    rx="19.5"
    stroke="#EE7B11"
    width="39"
    x="0.5"
    y="0.5"
  />
  <path
    d="M30.213 13.6559C29.4495 13.9934 28.6399 14.2152 27.811 14.3139C28.6838 13.7907 29.3369 12.9684 29.649 11.9999C28.829 12.4879 27.93 12.8299 26.994 13.0149C26.3646 12.3415 25.5304 11.8949 24.621 11.7445C23.7116 11.5941 22.7779 11.7484 21.9653 12.1834C21.1526 12.6183 20.5064 13.3096 20.1271 14.1497C19.7478 14.9898 19.6568 15.9317 19.868 16.8289C18.2049 16.746 16.5778 16.314 15.0926 15.5611C13.6073 14.8082 12.2971 13.7513 11.247 12.4589C10.8754 13.0974 10.6801 13.8232 10.681 14.5619C10.681 16.0119 11.42 17.2929 12.541 18.0429C11.8772 18.0208 11.2281 17.8416 10.647 17.5199V17.5709C10.647 18.5368 10.981 19.4729 11.5925 20.2206C12.204 20.9682 13.0553 21.4814 14.002 21.6729C13.3857 21.8403 12.7393 21.8649 12.112 21.7449C12.3789 22.5763 12.8992 23.3034 13.6 23.8243C14.3008 24.3453 15.147 24.6339 16.02 24.6499C15.1522 25.3311 14.1587 25.8346 13.0963 26.1318C12.0338 26.429 10.9233 26.514 9.828 26.3819C11.7397 27.6114 13.9651 28.264 16.238 28.2619C23.932 28.2619 28.138 21.8889 28.138 16.3619C28.138 16.1813 28.134 16.0009 28.126 15.8209C28.9444 15.2292 29.6507 14.4964 30.212 13.6569"
    fill="#EE7B11"
  />
</svg>
`;
