// Jest Snapshot v1, https://jestjs.io/docs/snapshot-testing

exports[`AccountPageContent Component matches snapshot 1`] = `
<div>
  <div
    class="flex flex-col items-center max-w-[1296px] mx-auto min-h-screen py-4 sm:py-8 px-4 sm:px-6"
  >
    <div
      class="pb-6 sm:pb-12 w-full"
    >
      <h1
        aria-level="1"
        class="font-semibold text-center text-2xl sm:text-3xl lg:text-4xl"
        role="heading"
      >
        Account Details
      </h1>
      <nav
        aria-label="breadcrumb"
        class="flex items-center gap-1.5 text-sm text-slate-600 justify-center mt-2 sm:mt-4"
      >
        <ol
          class="flex flex-wrap items-center gap-1.5 break-words text-sm text-muted-foreground sm:gap-2.5"
        >
          <li
            class="inline-flex items-center gap-1.5 transition-colors hover:text-slate-900"
          >
            <a
              class="transition-colors hover:text-foreground text-sm sm:text-xs"
              href="/"
            >
              Home
            </a>
          </li>
          <li
            aria-hidden="true"
            class="flex items-center text-slate-400"
            role="presentation"
          >
            <svg
              aria-hidden="true"
              class="lucide lucide-chevron-right h-4 w-4"
              fill="none"
              height="24"
              stroke="currentColor"
              stroke-linecap="round"
              stroke-linejoin="round"
              stroke-width="2"
              viewBox="0 0 24 24"
              width="24"
              xmlns="http://www.w3.org/2000/svg"
            >
              <path
                d="m9 18 6-6-6-6"
              />
            </svg>
          </li>
          <li
            class="inline-flex items-center gap-1.5 transition-colors hover:text-slate-900"
          >
            <span
              aria-current="page"
              aria-disabled="true"
              class="font-normal text-foreground text-sm sm:text-xs"
              role="link"
            >
              Account
            </span>
          </li>
        </ol>
      </nav>
    </div>
    <div
      class="py-8 px-4 sm:py-14 sm:px-16 w-full lg:max-w-159 rounded-2xl sm:rounded-4xl border border-form-border-color shadow-form bg-white"
    >
      <div
        class="flex flex-col gap-6 sm:gap-10"
      >
        <div
          class="flex justify-center"
        >
          <a
            class="flex items-center gap-2 sm:gap-3"
            href="/"
          >
            <svg
              class="w-8 h-8 sm:w-10 sm:h-10"
              fill="none"
              height="32"
              viewBox="0 0 32 32"
              width="32"
              xmlns="http://www.w3.org/2000/svg"
            >
              <circle
                cx="15.9999"
                cy="15.9999"
                fill="#FFD245"
                r="15.9999"
              />
              <mask
                height="32"
                id="mask0_2053_384"
                maskUnits="userSpaceOnUse"
                style="mask-type: alpha;"
                width="32"
                x="0"
                y="0"
              >
                <circle
                  cx="15.9999"
                  cy="15.9999"
                  fill="#FFD245"
                  r="15.9999"
                />
              </mask>
              <g
                mask="url(#mask0_2053_384)"
              >
                <circle
                  cx="19.3045"
                  cy="9.53418"
                  fill="#FFE486"
                  r="15.9999"
                />
                <circle
                  cx="28.3808"
                  cy="9.53418"
                  fill="#EE7B11"
                  r="15.9999"
                />
              </g>
              <circle
                cx="24.7011"
                cy="24.7013"
                fill="#1642B9"
                r="6.29869"
                stroke="white"
                stroke-width="2"
              />
            </svg>
            <span
              class="text-2xl sm:text-3xl font-secondary text-primary"
            >
              SaaS
              <span
                class="font-medium"
              >
                Candy
              </span>
            </span>
          </a>
        </div>
        <div
          class="space-y-6 sm:space-y-8"
        >
          <div
            class="text-center space-y-3 sm:space-y-4"
          >
            <div
              class="flex justify-center"
            >
              <div
                class="w-20 h-20 sm:w-24 sm:h-24 rounded-full bg-orange-background flex items-center justify-center text-white text-xl sm:text-2xl font-bold"
              >
                J
              </div>
            </div>
            <div>
              <h2
                aria-level="2"
                class="font-semibold text-primary text-xl sm:text-2xl"
                role="heading"
              >
                John Doe
              </h2>
              <p
                class="text-gray-background mt-1 text-sm sm:text-xs break-all"
                role="paragraph"
              >
                john@example.com
              </p>
            </div>
          </div>
          <div
            class="space-y-3 sm:space-y-4"
          >
            <div
              class="bg-blue-foreground opacity-80 rounded-lg p-4 sm:p-6"
            >
              <h3
                aria-level="3"
                class="font-semibold text-primary mb-3 sm:mb-4 text-lg sm:text-xl"
                role="heading"
              >
                Personal Information
              </h3>
              <div
                class="space-y-2 sm:space-y-3"
              >
                <div
                  class="flex flex-col sm:flex-row sm:justify-between sm:items-center gap-1 sm:gap-0  sm:text-lg"
                >
                  <span
                    class="text-blue-background font-bold"
                  >
                    Name:
                  </span>
                  <span
                    class="font-medium text-primary"
                  >
                    John Doe
                  </span>
                </div>
                <div
                  class="flex flex-col sm:flex-row sm:justify-between sm:items-center gap-1 sm:gap-0  sm:text-lg"
                >
                  <span
                    class="text-blue-background font-bold"
                  >
                    Email:
                  </span>
                  <span
                    class="font-medium text-primary break-all"
                  >
                    john@example.com
                  </span>
                </div>
                <div
                  class="flex flex-col sm:flex-row sm:justify-between sm:items-center gap-1 sm:gap-0 sm:text-lg"
                >
                  <span
                    class="text-blue-background font-bold"
                  >
                    Account Type:
                  </span>
                  <span
                    class="px-2 py-1 bg-blue-foreground text-blue-background rounded-full text-sm sm:text-md inline-block w-fit"
                  >
                    Email Account
                  </span>
                </div>
              </div>
            </div>
            <div
              class="bg-blue-foreground opacity-80 rounded-lg p-4 sm:p-6"
            >
              <h3
                aria-level="3"
                class="font-semibold text-primary mb-3 sm:mb-4 text-lg sm:text-xl"
                role="heading"
              >
                Account Settings
              </h3>
              <div
                class="space-y-2 sm:space-y-3"
              >
                <button
                  class="inline-flex items-center text-md leading-none tracking-normal rounded-xl transition-colors duration-200 focus-visible:outline-none focus-visible:ring-2 focus-visible:ring-offset-2 disabled:pointer-events-none disabled:opacity-50 disabled:cursor-not-allowed cursor-pointer bg-white text-orange-background border border-orange-background hover:bg-orange-background hover:text-white focus-visible:ring-primary px-9 py-5 w-full justify-start font-semibold sm:text-lg"
                >
                  Edit Profile
                </button>
                <button
                  class="inline-flex items-center text-md leading-none tracking-normal rounded-xl transition-colors duration-200 focus-visible:outline-none focus-visible:ring-2 focus-visible:ring-offset-2 disabled:pointer-events-none disabled:opacity-50 disabled:cursor-not-allowed cursor-pointer bg-white text-orange-background border border-orange-background hover:bg-orange-background hover:text-white focus-visible:ring-primary px-9 py-5 w-full justify-start font-semibold sm:text-lg"
                >
                  <span
                    class="block sm:inline"
                  >
                    Change Password
                  </span>
                </button>
                <button
                  class="inline-flex items-center text-md leading-none tracking-normal rounded-xl transition-colors duration-200 focus-visible:outline-none focus-visible:ring-2 focus-visible:ring-offset-2 disabled:pointer-events-none disabled:opacity-50 disabled:cursor-not-allowed cursor-pointer bg-white text-orange-background border border-orange-background hover:bg-orange-background hover:text-white focus-visible:ring-primary px-9 py-5 w-full justify-start font-semibold sm:text-lg"
                  disabled=""
                >
                  Privacy Settings (Coming Soon)
                </button>
              </div>
            </div>
          </div>
          <div
            class="flex flex-col sm:flex-row gap-3 sm:gap-4 pt-4 sm:pt-6"
          >
            <button
              class="inline-flex items-center justify-center font-semibold text-md leading-none tracking-normal rounded-xl transition-colors duration-200 focus-visible:outline-none focus-visible:ring-2 focus-visible:ring-offset-2 disabled:pointer-events-none disabled:opacity-50 disabled:cursor-not-allowed cursor-pointer bg-white text-orange-background border border-orange-background hover:bg-orange-background hover:text-white focus-visible:ring-primary px-9 py-5 flex-1 w-full sm:text-lg"
            >
              Back
            </button>
            <button
              class="inline-flex items-center justify-center font-semibold text-md leading-none tracking-normal rounded-xl transition-colors duration-200 focus-visible:outline-none focus-visible:ring-2 focus-visible:ring-offset-2 disabled:pointer-events-none disabled:opacity-50 disabled:cursor-not-allowed cursor-pointer bg-white text-orange-background border-none hover:text-primary px-9 py-5 flex-1 w-full sm:text-lg"
            >
              Sign Out
            </button>
          </div>
        </div>
      </div>
    </div>
  </div>
</div>
`;
