// Jest Snapshot v1, https://jestjs.io/docs/snapshot-testing

exports[`DropdownMenu matches snapshot 1`] = `
<div>
  <button
    aria-expanded="false"
    aria-haspopup="menu"
    data-state="closed"
    id="radix-«r0»"
    type="button"
  >
    Open
  </button>
</div>
`;
