// Jest Snapshot v1, https://jestjs.io/docs/snapshot-testing

exports[`Switch Component matches snapshot 1`] = `
<div>
  <button
    aria-checked="false"
    class="peer inline-flex h-7 w-14 shrink-0 cursor-pointer items-center rounded-full border-2 border-gray-900 transition-colors focus-visible:outline-none focus-visible:ring-2 focus-visible:ring-ring focus-visible:ring-offset-2 focus-visible:ring-offset-background disabled:cursor-not-allowed disabled:opacity-50 data-[state=checked]:bg-gray-900 data-[state=unchecked]:bg-white"
    data-state="unchecked"
    role="switch"
    type="button"
    value="on"
  >
    <span
      class="pointer-events-none block h-4 w-4 rounded-full bg-gray-900 shadow-lg ring-0 transition-transform data-[state=checked]:translate-x-7 data-[state=checked]:bg-white data-[state=unchecked]:translate-x-0.5"
      data-state="unchecked"
    />
  </button>
</div>
`;
