// Jest Snapshot v1, https://jestjs.io/docs/snapshot-testing

exports[`BlogPostDetailPage Component matches snapshot 1`] = `
<div>
  <section
    class="py-12 sm:py-16 bg-white"
  >
    <div
      class="max-w-[1296px] mx-auto px-4 sm:px-6 lg:px-0 "
    >
      <div
        class="flex items-center gap-2 sm:gap-4 text-xs sm:text-sm text-gray-background mb-4 sm:mb-7"
      >
        <span>
          2025-01-01
        </span>
        <span>
          10
           Comments
        </span>
      </div>
      <div
        class="flex flex-col lg:flex-row lg:items-center lg:justify-between gap-4 lg:gap-6 mb-4 sm:mb-6"
      >
        <h2
          aria-level="2"
          class="font-bold text-2xl sm:text-4xl lg:text-5xl"
          role="heading"
        >
          Test Blog Post
        </h2>
        <div
          class="flex items-center gap-3 sm:gap-6 lg:w-76.5 lg:justify-end"
        >
          <img
            alt="John Doe"
            class="rounded-full w-12 h-12 sm:w-16 sm:h-16 lg:w-20 lg:h-20"
            data-nimg="1"
            decoding="async"
            height="80"
            loading="lazy"
            src="/_next/image?url=%2Favatar.jpg&w=256&q=75"
            srcset="/_next/image?url=%2Favatar.jpg&w=96&q=75 1x, /_next/image?url=%2Favatar.jpg&w=256&q=75 2x"
            style="color: transparent;"
            width="80"
          />
          <div
            class="flex flex-col"
          >
            <span
              class=" sm:text-lg lg:text-xl font-bold"
            >
              John Doe
            </span>
            <span
              class="text-sm sm:text-xs lg:text-xl font-regular text-gray-background"
            >
              Author
            </span>
          </div>
        </div>
      </div>
      <div
        class="mb-6 sm:mb-8"
      >
        <img
          alt="Test Blog Post"
          class="w-full object-cover rounded-2xl sm:rounded-3xl"
          data-nimg="1"
          decoding="async"
          height="440"
          loading="lazy"
          src="/_next/image?url=%2Ftest.jpg&w=3840&q=75"
          srcset="/_next/image?url=%2Ftest.jpg&w=1920&q=75 1x, /_next/image?url=%2Ftest.jpg&w=3840&q=75 2x"
          style="color: transparent;"
          width="1296"
        />
      </div>
      <div
        class="flex flex-col lg:flex-row items-start gap-8 lg:gap-6"
      >
        <article
          class="flex-1 w-full lg:w-auto"
        >
          <div
            class="prose prose-sm sm:prose-base lg:prose-lg max-w-none mb-6 sm:mb-8"
          >
            <p>
              Test content
            </p>
          </div>
          <div
            class="border-t pt-6 sm:pt-8 mb-6 sm:mb-8"
          >
            <h3
              aria-level="3"
              class="text-xl sm:text-2xl font-bold text-gray-900 mb-3 sm:mb-4"
              role="heading"
            >
              Tags
            </h3>
            <div
              class=""
            >
              <h3
                aria-level="3"
                class="font-semibold text-gray-900 mb-2 sm:mb-3 text-lg sm:text-xl"
                role="heading"
              >
                Tags
              </h3>
              <ul
                class="space-y-1"
              >
                <li>
                  <span
                    class="text-xs sm:text-sm text-gray-600 capitalize"
                  >
                    - 
                    javascript
                  </span>
                </li>
                <li>
                  <span
                    class="text-xs sm:text-sm text-gray-600 capitalize"
                  >
                    - 
                    react
                  </span>
                </li>
              </ul>
            </div>
          </div>
          <div
            class="border-t pt-6 sm:pt-8 mb-6 sm:mb-8 lg:hidden"
          >
            <h3
              aria-level="3"
              class="text-xl sm:text-2xl font-bold text-gray-900 mb-3 sm:mb-4"
              role="heading"
            >
              Share
            </h3>
            <ul
              class="space-y-2"
            >
              <li>
                <a
                  class="text-sm sm:text-xs text-gray-600 hover:text-gray-900 transition-colors"
                  href="https://www.facebook.com/sharer/sharer.php?u=http%3A%2F%2Flocalhost%2F"
                  rel="noopener noreferrer"
                  target="_blank"
                >
                  Facebook
                </a>
              </li>
              <li>
                <a
                  class="text-sm sm:text-xs text-gray-600 hover:text-gray-900 transition-colors"
                  href="https://twitter.com/intent/tweet?url=http%3A%2F%2Flocalhost%2F&text=Test%20Blog%20Post"
                  rel="noopener noreferrer"
                  target="_blank"
                >
                  Twitter
                </a>
              </li>
              <li>
                <a
                  class="text-sm sm:text-xs text-gray-600 hover:text-gray-900 transition-colors"
                  href="https://www.linkedin.com/sharing/share-offsite/?url=http%3A%2F%2Flocalhost%2F"
                  rel="noopener noreferrer"
                  target="_blank"
                >
                  LinkedIn
                </a>
              </li>
            </ul>
          </div>
          <div
            class="border-t pt-6 sm:pt-8 lg:hidden"
          >
            <div
              class=""
            >
              <h3
                aria-level="3"
                class="font-semibold text-primary text-2xl sm:text-3xl lg:text-[35px] mb-4 sm:mb-6"
                role="heading"
              >
                Join our Newsletter
              </h3>
              <form
                class="space-y-3 sm:space-y-4"
              >
                <div
                  class="flex flex-col gap-2 w-full"
                >
                  <div
                    class="flex items-center h-11 min-w-0 transition-colors bg-transparent focus-within:border-white px-3 py-2 sm:px-4 sm:py-2.5 border border-primary rounded-lg text-sm sm:text-md focus:outline-none focus:ring-2 focus:ring-orange-500 focus:border-transparent w-full"
                  >
                    <input
                      aria-invalid="false"
                      class="w-full bg-transparent outline-none placeholder:text-placeholder disabled:pointer-events-none disabled:cursor-not-allowed"
                      id="input-«r0»"
                      placeholder="Email address Subscribe"
                      required=""
                      type="email"
                      value=""
                    />
                  </div>
                </div>
                <button
                  class="inline-flex items-center justify-center font-semibold text-md leading-none tracking-normal transition-colors duration-200 focus-visible:outline-none focus-visible:ring-2 focus-visible:ring-offset-2 disabled:pointer-events-none disabled:opacity-50 disabled:cursor-not-allowed cursor-pointer bg-orange-background text-white hover:opacity-90 focus-visible:ring-primary px-9 py-5 rounded-lg w-full"
                  type="submit"
                >
                  Subscribe
                </button>
              </form>
            </div>
          </div>
        </article>
        <div
          class="hidden lg:block sticky top-4 w-104 py-12 px-11 space-y-12 shadow-form rounded-lg"
        >
          <div
            class="space-y-3 "
          >
            <h3
              aria-level="3"
              class="font-semibold text-primary text-2xl sm:text-3xl lg:text-[35px]"
              role="heading"
            >
              Share
            </h3>
            <div
              class="flex flex-wrap gap-2 sm:flex-col sm:gap-3"
            >
              <a
                class="flex gap-2 sm:gap-2.5 items-center py-1.5 px-3 sm:py-2 sm:px-4 rounded-lg text-white text-sm sm:text-md font-medium transition-colors bg-slate-blue hover:bg-teal-blue"
                href="https://www.facebook.com/sharer/sharer.php?u=http%3A%2F%2Flocalhost%2F"
                rel="noopener noreferrer"
                target="_blank"
              >
                <svg
                  aria-hidden="true"
                  class="lucide lucide-facebook w-3 h-3 sm:w-3.5 sm:h-3.5"
                  fill="none"
                  height="24"
                  stroke="currentColor"
                  stroke-linecap="round"
                  stroke-linejoin="round"
                  stroke-width="2"
                  viewBox="0 0 24 24"
                  width="24"
                  xmlns="http://www.w3.org/2000/svg"
                >
                  <path
                    d="M18 2h-3a5 5 0 0 0-5 5v3H7v4h3v8h4v-8h3l1-4h-4V7a1 1 0 0 1 1-1h3z"
                  />
                </svg>
                Facebook
              </a>
              <a
                class="flex gap-2 sm:gap-2.5 items-center py-1.5 px-3 sm:py-2 sm:px-4 rounded-lg text-white text-sm sm:text-md font-medium transition-colors bg-sky-blue hover:bg-blue-foreground"
                href="https://twitter.com/intent/tweet?url=http%3A%2F%2Flocalhost%2F&text="
                rel="noopener noreferrer"
                target="_blank"
              >
                <svg
                  aria-hidden="true"
                  class="lucide lucide-twitter w-3 h-3 sm:w-3.5 sm:h-3.5"
                  fill="none"
                  height="24"
                  stroke="currentColor"
                  stroke-linecap="round"
                  stroke-linejoin="round"
                  stroke-width="2"
                  viewBox="0 0 24 24"
                  width="24"
                  xmlns="http://www.w3.org/2000/svg"
                >
                  <path
                    d="M22 4s-.7 2.1-2 3.4c1.6 10-9.4 17.3-18 11.6 2.2.1 4.4-.6 6-2C3 15.5.5 9.6 3 5c2.2 2.6 5.6 4.1 9 4-.9-4.2 4-6.6 7-3.8 1.1 0 3-1.2 3-1.2z"
                  />
                </svg>
                Twitter
              </a>
              <a
                class="flex gap-2 sm:gap-2.5 items-center py-1.5 px-3 sm:py-2 sm:px-4 rounded-lg text-white text-sm sm:text-md font-medium transition-colors bg-teal-blue hover:bg-slate-blue"
                href="https://www.linkedin.com/sharing/share-offsite/?url=http%3A%2F%2Flocalhost%2F"
                rel="noopener noreferrer"
                target="_blank"
              >
                <svg
                  aria-hidden="true"
                  class="lucide lucide-linkedin w-3 h-3 sm:w-3.5 sm:h-3.5"
                  fill="none"
                  height="24"
                  stroke="currentColor"
                  stroke-linecap="round"
                  stroke-linejoin="round"
                  stroke-width="2"
                  viewBox="0 0 24 24"
                  width="24"
                  xmlns="http://www.w3.org/2000/svg"
                >
                  <path
                    d="M16 8a6 6 0 0 1 6 6v7h-4v-7a2 2 0 0 0-2-2 2 2 0 0 0-2 2v7h-4v-7a6 6 0 0 1 6-6z"
                  />
                  <rect
                    height="12"
                    width="4"
                    x="2"
                    y="9"
                  />
                  <circle
                    cx="4"
                    cy="4"
                    r="2"
                  />
                </svg>
                LinkedIn
              </a>
            </div>
          </div>
          <div
            class="w-full"
          >
            <h3
              aria-level="3"
              class="font-semibold text-primary text-2xl sm:text-3xl lg:text-[35px] mb-4 sm:mb-6"
              role="heading"
            >
              Join our Newsletter
            </h3>
            <form
              class="space-y-3 sm:space-y-4"
            >
              <div
                class="flex flex-col gap-2 w-full"
              >
                <div
                  class="flex items-center h-11 min-w-0 transition-colors bg-transparent focus-within:border-white px-3 py-2 sm:px-4 sm:py-2.5 border border-primary rounded-lg text-sm sm:text-md focus:outline-none focus:ring-2 focus:ring-orange-500 focus:border-transparent w-full"
                >
                  <input
                    aria-invalid="false"
                    class="w-full bg-transparent outline-none placeholder:text-placeholder disabled:pointer-events-none disabled:cursor-not-allowed"
                    id="input-«r1»"
                    placeholder="Email address Subscribe"
                    required=""
                    type="email"
                    value=""
                  />
                </div>
              </div>
              <button
                class="inline-flex items-center justify-center font-semibold text-md leading-none tracking-normal transition-colors duration-200 focus-visible:outline-none focus-visible:ring-2 focus-visible:ring-offset-2 disabled:pointer-events-none disabled:opacity-50 disabled:cursor-not-allowed cursor-pointer bg-orange-background text-white hover:opacity-90 focus-visible:ring-primary px-9 py-5 rounded-lg w-full"
                type="submit"
              >
                Subscribe
              </button>
            </form>
          </div>
        </div>
      </div>
    </div>
  </section>
</div>
`;
