// Jest Snapshot v1, https://jestjs.io/docs/snapshot-testing

exports[`Spinner > matches snapshot 1`] = `
<div>
  <svg
    aria-label="Loading"
    class="lucide lucide-loader-circle size-4 animate-spin"
    fill="none"
    height="24"
    role="status"
    stroke="currentColor"
    stroke-linecap="round"
    stroke-linejoin="round"
    stroke-width="2"
    viewBox="0 0 24 24"
    width="24"
    xmlns="http://www.w3.org/2000/svg"
  >
    <path
      d="M21 12a9 9 0 1 1-6.219-8.56"
    />
  </svg>
</div>
`;

exports[`Spinner matches snapshot 1`] = `
<div>
  <svg
    aria-label="Loading"
    class="lucide lucide-loader-circle size-4 animate-spin"
    fill="none"
    height="24"
    role="status"
    stroke="currentColor"
    stroke-linecap="round"
    stroke-linejoin="round"
    stroke-width="2"
    viewBox="0 0 24 24"
    width="24"
    xmlns="http://www.w3.org/2000/svg"
  >
    <path
      d="M21 12a9 9 0 1 1-6.219-8.56"
    />
  </svg>
</div>
`;
