// Jest Snapshot v1, https://jestjs.io/docs/snapshot-testing

exports[`BlogPage Component matches snapshot 1`] = `undefined`;
